--- Starting FAST MOS Acquisition for KATL (2015-2019) ---
Target: 1826 daily model runs.
Progress: 50/1826 (2.7%)
Progress: 100/1826 (5.5%)
Progress: 150/1826 (8.2%)
Progress: 200/1826 (11.0%)
Progress: 250/1826 (13.7%)
Progress: 300/1826 (16.4%)
Progress: 350/1826 (19.2%)
Progress: 400/1826 (21.9%)
Progress: 450/1826 (24.6%)
Progress: 500/1826 (27.4%)
Progress: 550/1826 (30.1%)
Progress: 600/1826 (32.9%)
Progress: 650/1826 (35.6%)
Progress: 700/1826 (38.3%)
Progress: 750/1826 (41.1%)
Progress: 800/1826 (43.8%)
Progress: 850/1826 (46.5%)
Progress: 900/1826 (49.3%)
Progress: 950/1826 (52.0%)
Progress: 1000/1826 (54.8%)
Progress: 1050/1826 (57.5%)
Progress: 1100/1826 (60.2%)
Progress: 1150/1826 (63.0%)
Progress: 1200/1826 (65.7%)
Progress: 1250/1826 (68.5%)
Progress: 1300/1826 (71.2%)
Progress: 1350/1826 (73.9%)
Progress: 1400/1826 (76.7%)
Progress: 1450/1826 (79.4%)
Progress: 1500/1826 (82.1%)
Progress: 1550/1826 (84.9%)
Progress: 1600/1826 (87.6%)
Progress: 1650/1826 (90.4%)
Progress: 1700/1826 (93.1%)
Progress: 1750/1826 (95.8%)
Progress: 1800/1826 (98.6%)
--- Fetch Complete. Processed 38808 raw MOS lines. ---
--- Processing Raw Data into Training Format ---
Saved Processed History to katl_mos_history.csv (1821 records)
