--- Starting FAST MOS Acquisition for KATL (2020-2025) ---
Target: 2192 daily model runs.
Progress: 50/2192 (2.3%)
Progress: 100/2192 (4.6%)
Progress: 150/2192 (6.8%)
Progress: 200/2192 (9.1%)
Progress: 250/2192 (11.4%)
Progress: 300/2192 (13.7%)
Progress: 350/2192 (16.0%)
Progress: 400/2192 (18.2%)
Progress: 450/2192 (20.5%)
Progress: 500/2192 (22.8%)
Progress: 550/2192 (25.1%)
Progress: 600/2192 (27.4%)
Progress: 650/2192 (29.7%)
Progress: 700/2192 (31.9%)
Progress: 750/2192 (34.2%)
Progress: 800/2192 (36.5%)
Progress: 850/2192 (38.8%)
Progress: 900/2192 (41.1%)
Progress: 950/2192 (43.3%)
Progress: 1000/2192 (45.6%)
Progress: 1050/2192 (47.9%)
Progress: 1100/2192 (50.2%)
Progress: 1150/2192 (52.5%)
Progress: 1200/2192 (54.7%)
Progress: 1250/2192 (57.0%)
Progress: 1300/2192 (59.3%)
Progress: 1350/2192 (61.6%)
Progress: 1400/2192 (63.9%)
Progress: 1450/2192 (66.1%)
Progress: 1500/2192 (68.4%)
Progress: 1550/2192 (70.7%)
Progress: 1600/2192 (73.0%)
Progress: 1650/2192 (75.3%)
Progress: 1700/2192 (77.6%)
Progress: 1750/2192 (79.8%)
Progress: 1800/2192 (82.1%)
Progress: 1850/2192 (84.4%)
Progress: 1900/2192 (86.7%)
Progress: 1950/2192 (89.0%)
Progress: 2000/2192 (91.2%)
Progress: 2050/2192 (93.5%)
Progress: 2100/2192 (95.8%)
Progress: 2150/2192 (98.1%)
--- Fetch Complete. Processed 46011 raw MOS lines. ---
--- Processing Raw Data into Training Format ---
Saved Processed History to katl_mos_history.csv (2191 records)
