--- Starting FAST MOS Acquisition for KATL (2015-2025) ---
Target: 4018 daily model runs.
Progress: 50/4018 (1.2%)
Progress: 100/4018 (2.5%)
Progress: 150/4018 (3.7%)
Progress: 200/4018 (5.0%)
Progress: 250/4018 (6.2%)
Progress: 300/4018 (7.5%)
Progress: 350/4018 (8.7%)
Progress: 400/4018 (10.0%)
Progress: 450/4018 (11.2%)
Progress: 500/4018 (12.4%)
Progress: 550/4018 (13.7%)
Progress: 600/4018 (14.9%)
Progress: 650/4018 (16.2%)
Progress: 700/4018 (17.4%)
Progress: 750/4018 (18.7%)
Progress: 800/4018 (19.9%)
Progress: 850/4018 (21.2%)
Progress: 900/4018 (22.4%)
Progress: 950/4018 (23.6%)
Progress: 1000/4018 (24.9%)
Progress: 1050/4018 (26.1%)
Progress: 1100/4018 (27.4%)
Progress: 1150/4018 (28.6%)
Progress: 1200/4018 (29.9%)
Progress: 1250/4018 (31.1%)
Progress: 1300/4018 (32.4%)
Progress: 1350/4018 (33.6%)
Progress: 1400/4018 (34.8%)
Progress: 1450/4018 (36.1%)
Progress: 1500/4018 (37.3%)
Progress: 1550/4018 (38.6%)
Progress: 1600/4018 (39.8%)
Progress: 1650/4018 (41.1%)
Progress: 1700/4018 (42.3%)
Progress: 1750/4018 (43.6%)
Progress: 1800/4018 (44.8%)
Progress: 1850/4018 (46.0%)
Progress: 1900/4018 (47.3%)
Progress: 1950/4018 (48.5%)
Progress: 2000/4018 (49.8%)
Progress: 2050/4018 (51.0%)
Progress: 2100/4018 (52.3%)
Progress: 2150/4018 (53.5%)
Progress: 2200/4018 (54.8%)
Progress: 2250/4018 (56.0%)
Progress: 2300/4018 (57.2%)
Progress: 2350/4018 (58.5%)
Progress: 2400/4018 (59.7%)
Progress: 2450/4018 (61.0%)
Progress: 2500/4018 (62.2%)
Progress: 2550/4018 (63.5%)
Progress: 2600/4018 (64.7%)
Progress: 2650/4018 (66.0%)
Progress: 2700/4018 (67.2%)
Progress: 2750/4018 (68.4%)
Progress: 2800/4018 (69.7%)
Progress: 2850/4018 (70.9%)
Progress: 2900/4018 (72.2%)
Progress: 2950/4018 (73.4%)
Progress: 3000/4018 (74.7%)
Progress: 3050/4018 (75.9%)
Progress: 3100/4018 (77.2%)
Progress: 3150/4018 (78.4%)
Progress: 3200/4018 (79.6%)
Progress: 3250/4018 (80.9%)
Progress: 3300/4018 (82.1%)
Progress: 3350/4018 (83.4%)
Progress: 3400/4018 (84.6%)
Progress: 3450/4018 (85.9%)
Progress: 3500/4018 (87.1%)
Progress: 3550/4018 (88.4%)
Progress: 3600/4018 (89.6%)
Progress: 3650/4018 (90.8%)
Progress: 3700/4018 (92.1%)
Progress: 3750/4018 (93.3%)
Progress: 3800/4018 (94.6%)
Progress: 3850/4018 (95.8%)
Progress: 3900/4018 (97.1%)
Progress: 3950/4018 (98.3%)
Progress: 4000/4018 (99.6%)
--- Fetch Complete. Processed 84819 raw MOS lines. ---
--- Processing Raw Data into Training Format ---
Saved Processed History to katl_mos_history.csv (4012 records)
